{
 "spec": "main: boundary one-sided books kept",
 "rows (market x horizon) fetched": 3701,
 "markets fetched": 1212,
 "duplicate (ticker, horizon)": 0,
 "no quote at all (bid and ask missing)": 0,
 "one-sided book at the tick boundary (kept, mid imputed)": 1346,
 "one-sided book away from the boundary, or empty": 224,
 "crossed or locked book (ask <= bid)": 0,
 "stale quote (no candle in the 24 h before the horizon)": 135,
 "spread > 0.30 (mid uninformative)": 76,
 "rows kept": 3266,
 "markets kept": 1165,
 "events kept": 693,
 "split (train closes before, 2-day embargo; test closes on or after)": "2026-03-01",
 "train rows / markets": [
  1834,
  620
 ],
 "test rows / markets": [
  1420,
  542
 ]
}
flb                    all                +0.0004 [-0.0013, +0.0020]  brier +0.00011 [-0.00048, +0.00064]  n=1420
flb                    hg=24h             -0.0002 [-0.0030, +0.0022]  brier -0.00004 [-0.00093, +0.00079]  n=271
flb                    hg=6h              +0.0005 [-0.0014, +0.0022]  brier +0.00005 [-0.00060, +0.00068]  n=382
flb                    hg=72h             +0.0000 [-0.0029, +0.0027]  brier +0.00014 [-0.00072, +0.00098]  n=234
flb                    hg=le1h            +0.0009 [-0.0005, +0.0022]  brier +0.00020 [-0.00028, +0.00062]  n=533
flb                    category=Commodities -0.0049 [-0.0203, +0.0055]  brier -0.00125 [-0.00508, +0.00176]  n=50
flb                    category=Crypto    +0.0010 [-0.0010, +0.0025]  brier +0.00024 [-0.00036, +0.00077]  n=148
flb                    category=Economics -0.0008 [-0.0046, +0.0026]  brier -0.00058 [-0.00168, +0.00042]  n=327
flb                    category=Entertainment +0.0005 [-0.0005, +0.0013]  brier +0.00012 [-0.00004, +0.00028]  n=381
flb                    category=Financials +0.0021 [+0.0009, +0.0033]  brier +0.00047 [+0.00020, +0.00080]  n=67
flb                    category=Mentions  +0.0007 [+0.0000, +0.0015]  brier +0.00005 [-0.00030, +0.00035]  n=40
flb                    category=Sports    +0.0015 [-0.0028, +0.0055]  brier +0.00071 [-0.00101, +0.00224]  n=407
flb_h                  all                +0.0005 [-0.0012, +0.0020]  brier +0.00015 [-0.00041, +0.00065]  n=1420
flb_h                  hg=24h             +0.0001 [-0.0011, +0.0014]  brier +0.00016 [-0.00025, +0.00057]  n=271
flb_h                  hg=6h              +0.0003 [-0.0015, +0.0018]  brier -0.00008 [-0.00061, +0.00041]  n=382
flb_h                  hg=72h             -0.0002 [-0.0051, +0.0043]  brier +0.00018 [-0.00118, +0.00150]  n=234
flb_h                  hg=le1h            +0.0013 [-0.0009, +0.0033]  brier +0.00029 [-0.00047, +0.00096]  n=533
flb_h                  category=Commodities -0.0002 [-0.0077, +0.0064]  brier -0.00039 [-0.00312, +0.00231]  n=50
flb_h                  category=Crypto    +0.0015 [-0.0017, +0.0039]  brier +0.00038 [-0.00057, +0.00122]  n=148
flb_h                  category=Economics -0.0008 [-0.0050, +0.0029]  brier -0.00056 [-0.00169, +0.00048]  n=327
flb_h                  category=Entertainment -0.0001 [-0.0019, +0.0011]  brier +0.00004 [-0.00020, +0.00028]  n=381
flb_h                  category=Financials +0.0029 [+0.0009, +0.0052]  brier +0.00056 [+0.00007, +0.00115]  n=67
flb_h                  category=Mentions  -0.0000 [-0.0014, +0.0010]  brier -0.00009 [-0.00083, +0.00044]  n=40
flb_h                  category=Sports    +0.0017 [-0.0025, +0.0054]  brier +0.00075 [-0.00089, +0.00220]  n=407
flb_cat                all                -0.0060 [-0.0191, +0.0056]  brier -0.00099 [-0.00400, +0.00196]  n=1420
flb_cat                hg=24h             -0.0123 [-0.0444, +0.0116]  brier -0.00218 [-0.00748, +0.00323]  n=271
flb_cat                hg=6h              +0.0023 [-0.0057, +0.0109]  brier +0.00034 [-0.00251, +0.00332]  n=382
flb_cat                hg=72h             -0.0260 [-0.0728, +0.0104]  brier -0.00293 [-0.01021, +0.00369]  n=234
flb_cat                hg=le1h            -0.0001 [-0.0068, +0.0063]  brier -0.00049 [-0.00278, +0.00167]  n=533
flb_cat                category=Commodities -0.1139 [-0.3469, +0.0280]  brier -0.01975 [-0.05164, +0.00416]  n=50
flb_cat                category=Crypto    -0.0005 [-0.0083, +0.0061]  brier -0.00100 [-0.00336, +0.00109]  n=148
flb_cat                category=Economics +0.0009 [-0.0121, +0.0090]  brier +0.00044 [-0.00146, +0.00216]  n=327
flb_cat                category=Entertainment +0.0044 [-0.0068, +0.0122]  brier +0.00115 [-0.00055, +0.00252]  n=381
flb_cat                category=Financials +0.0051 [+0.0023, +0.0087]  brier +0.00119 [+0.00002, +0.00251]  n=67
flb_cat                category=Mentions  -0.0617 [-0.2920, +0.0824]  brier -0.00335 [-0.03720, +0.02191]  n=40
flb_cat                category=Sports    -0.0065 [-0.0303, +0.0209]  brier -0.00196 [-0.01046, +0.00764]  n=407
book                   all                +0.0003 [-0.0034, +0.0043]  brier +0.00022 [-0.00102, +0.00153]  n=1420
book                   hg=24h             -0.0068 [-0.0166, +0.0025]  brier -0.00100 [-0.00402, +0.00192]  n=271
book                   hg=6h              +0.0031 [-0.0003, +0.0067]  brier +0.00083 [-0.00049, +0.00222]  n=382
book                   hg=72h             -0.0009 [-0.0083, +0.0061]  brier +0.00028 [-0.00234, +0.00274]  n=234
book                   hg=le1h            +0.0023 [-0.0012, +0.0066]  brier +0.00038 [-0.00071, +0.00159]  n=533
book                   category=Commodities -0.0032 [-0.0319, +0.0184]  brier -0.00205 [-0.01266, +0.00484]  n=50
book                   category=Crypto    +0.0011 [-0.0050, +0.0094]  brier -0.00001 [-0.00138, +0.00182]  n=148
book                   category=Economics +0.0032 [-0.0030, +0.0099]  brier +0.00098 [-0.00078, +0.00294]  n=327
book                   category=Entertainment -0.0014 [-0.0041, +0.0019]  brier -0.00035 [-0.00113, +0.00041]  n=381
book                   category=Financials -0.0068 [-0.0245, +0.0084]  brier -0.00025 [-0.00226, +0.00211]  n=67
book                   category=Mentions  -0.0112 [-0.0167, -0.0057]  brier -0.00148 [-0.00357, +0.00060]  n=40
book                   category=Sports    +0.0019 [-0.0085, +0.0133]  brier +0.00076 [-0.00312, +0.00489]  n=407
drift                  all                -0.0010 [-0.0034, +0.0014]  brier -0.00044 [-0.00138, +0.00049]  n=1420
drift                  hg=24h             -0.0008 [-0.0062, +0.0042]  brier +0.00006 [-0.00174, +0.00183]  n=271
drift                  hg=6h              -0.0006 [-0.0060, +0.0038]  brier -0.00019 [-0.00209, +0.00146]  n=382
drift                  hg=72h             -0.0050 [-0.0119, +0.0013]  brier -0.00211 [-0.00458, +0.00013]  n=234
drift                  hg=le1h            +0.0003 [-0.0031, +0.0038]  brier -0.00015 [-0.00152, +0.00125]  n=533
drift                  category=Commodities -0.0108 [-0.0348, +0.0092]  brier -0.00190 [-0.00893, +0.00596]  n=50
drift                  category=Crypto    -0.0047 [-0.0117, +0.0008]  brier -0.00239 [-0.00573, +0.00021]  n=148
drift                  category=Economics -0.0024 [-0.0086, +0.0029]  brier -0.00136 [-0.00368, +0.00064]  n=327
drift                  category=Entertainment +0.0004 [-0.0020, +0.0025]  brier +0.00003 [-0.00097, +0.00095]  n=381
drift                  category=Financials -0.0018 [-0.0261, +0.0175]  brier -0.00006 [-0.00714, +0.00681]  n=67
drift                  category=Mentions  -0.0025 [-0.0125, +0.0036]  brier -0.00130 [-0.00549, +0.00119]  n=40
drift                  category=Sports    +0.0017 [-0.0029, +0.0058]  brier +0.00075 [-0.00117, +0.00251]  n=407
book-minus-flb_h       all                -0.0003 [-0.0049, +0.0048]  brier   n=1420
drift-minus-flb_h      all                -0.0015 [-0.0036, +0.0005]  brier   n=1420
flb_cat-minus-flb_h    all                -0.0066 [-0.0195, +0.0053]  brier   n=1420
flb_h-minus-flb        all                +0.0001 [-0.0003, +0.0006]  brier   n=1420
flb {'intercept': 0.04, 'lm': 1.043}
flb_h {'intercept': 0.073, 'lm': 1.066, 'h_6h': -0.044, 'lm_h_6h': -0.016, 'h_24h': -0.045, 'lm_h_24h': -0.089, 'h_72h': -0.005, 'lm_h_72h': 0.007}
flb_cat {'intercept': -0.15, 'lm': 1.307, 'h_6h': -0.044, 'lm_h_6h': -0.048, 'h_24h': -0.041, 'lm_h_24h': -0.115, 'h_72h': -0.024, 'lm_h_72h': -0.033, 'c_Commodities': 0.556, 'lm_c_Commodities': 0.554, 'c_Crypto': 0.0, 'lm_c_Crypto': 0.0, 'c_Economics': 0.09, 'lm_c_Economics': -0.124, 'c_Entertainment': 0.147, 'lm_c_Entertainment': 0.659, 'c_Financials': 0.229, 'lm_c_Financials': -0.197, 'c_Mentions': -4.25, 'lm_c_Mentions': 0.411, 'c_Sports': 0.187, 'lm_c_Sports': -0.615}
book {'intercept': 0.145, 'lm': 1.088, 'h_6h': -0.064, 'lm_h_6h': -0.02, 'h_24h': -0.161, 'lm_h_24h': -0.156, 'h_72h': -0.191, 'lm_h_72h': -0.098, 'spread': -2.41, 'lm_spread': 2.238, 'lvol24': -0.041, 'lm_lvol24': -0.02, 'lstale': 0.067, 'lm_lstale': 0.025, 'lage': 0.029, 'lm_lage': 0.109}
drift {'intercept': 0.02, 'lm': 1.039, 'h_6h': -0.0, 'lm_h_6h': -0.008, 'h_24h': 0.022, 'lm_h_24h': -0.056, 'h_72h': 0.211, 'lm_h_72h': 0.037, 'drift': 0.075, 'has_drift': 0.201, 'lastdev': -3.943}
 24h (-0.001, 0.05] 204 0.013 0.005 -0.008 [-0.014, +0.002]
 24h (0.05, 0.15] 54 0.093 0.148 +0.055 [-0.033, +0.151]
 24h (0.15, 0.3] 82 0.233 0.22 -0.014 [-0.097, +0.070]
 24h (0.3, 0.5] 89 0.404 0.472 +0.068 [-0.039, +0.171]
 24h (0.5, 0.7] 77 0.589 0.61 +0.022 [-0.081, +0.124]
 24h (0.7, 0.85] 53 0.778 0.66 -0.118 [-0.247, -0.001]
 24h (0.85, 0.95] 41 0.899 0.951 +0.052 [-0.024, +0.106]
 24h (0.95, 1.0] 77 0.984 0.987 +0.003 [-0.024, +0.019]
 6h (-0.001, 0.05] 324 0.012 0.003 -0.009 [-0.013, -0.002]
 6h (0.05, 0.15] 75 0.094 0.12 +0.026 [-0.049, +0.110]
 6h (0.15, 0.3] 116 0.226 0.224 -0.002 [-0.076, +0.079]
 6h (0.3, 0.5] 104 0.399 0.481 +0.082 [-0.015, +0.171]
 6h (0.5, 0.7] 99 0.588 0.556 -0.033 [-0.133, +0.062]
 6h (0.7, 0.85] 51 0.778 0.765 -0.014 [-0.134, +0.099]
 6h (0.85, 0.95] 42 0.901 0.929 +0.027 [-0.059, +0.095]
 6h (0.95, 1.0] 117 0.986 1.0 +0.014 [+0.012, +0.016]
 72h (-0.001, 0.05] 159 0.014 0.006 -0.008 [-0.016, +0.006]
 72h (0.05, 0.15] 58 0.09 0.103 +0.014 [-0.057, +0.097]
 72h (0.15, 0.3] 73 0.238 0.192 -0.046 [-0.123, +0.041]
 72h (0.3, 0.5] 63 0.409 0.508 +0.099 [-0.016, +0.230]
 72h (0.5, 0.7] 50 0.605 0.56 -0.045 [-0.198, +0.098]
 72h (0.7, 0.85] 43 0.789 0.791 +0.001 [-0.122, +0.112]
 72h (0.85, 0.95] 33 0.908 0.97 +0.062 [-0.006, +0.100]
 72h (0.95, 1.0] 72 0.983 0.986 +0.003 [-0.031, +0.019]
 le1h (-0.001, 0.05] 449 0.011 0.004 -0.006 [-0.011, +0.001]
 le1h (0.05, 0.15] 82 0.09 0.11 +0.020 [-0.043, +0.089]
 le1h (0.15, 0.3] 94 0.223 0.234 +0.011 [-0.066, +0.094]
 le1h (0.3, 0.5] 79 0.4 0.468 +0.068 [-0.032, +0.170]
 le1h (0.5, 0.7] 76 0.597 0.618 +0.022 [-0.091, +0.126]
 le1h (0.7, 0.85] 79 0.776 0.797 +0.021 [-0.074, +0.101]
 le1h (0.85, 0.95] 60 0.906 0.9 -0.006 [-0.091, +0.061]
 le1h (0.95, 1.0] 191 0.989 1.0 +0.011 [+0.009, +0.013]
Economics 6h+24h (-0.001, 0.05] 177 0.014 0.0 -0.014 [-0.017, -0.012]
Economics 6h+24h (0.05, 0.15] 46 0.085 0.13 +0.046 [-0.084, +0.181]
Economics 6h+24h (0.15, 0.3] 39 0.226 0.128 -0.098 [-0.211, +0.052]
Economics 6h+24h (0.3, 0.5] 25 0.396 0.44 +0.044 [-0.193, +0.291]
Economics 6h+24h (0.5, 0.7] 30 0.603 0.533 -0.070 [-0.278, +0.139]
Economics 6h+24h (0.7, 0.85] 37 0.788 0.703 -0.085 [-0.245, +0.082]
Economics 6h+24h (0.85, 0.95] 60 0.905 0.933 +0.029 [-0.060, +0.094]
Economics 6h+24h (0.95, 1.0] 105 0.981 0.99 +0.009 [-0.012, +0.020]
Entertainment 6h+24h (-0.001, 0.05] 232 0.008 0.0 -0.008 [-0.010, -0.007]
Entertainment 6h+24h (0.95, 1.0] 69 0.989 1.0 +0.011 [+0.008, +0.015]
Financials 6h+24h (-0.001, 0.05] 83 0.018 0.024 +0.006 [-0.020, +0.039]
Financials 6h+24h (0.05, 0.15] 44 0.095 0.114 +0.019 [-0.070, +0.127]
Financials 6h+24h (0.15, 0.3] 41 0.211 0.195 -0.016 [-0.139, +0.126]
Sports 6h+24h (0.15, 0.3] 108 0.239 0.278 +0.039 [-0.081, +0.163]
Sports 6h+24h (0.3, 0.5] 143 0.404 0.49 +0.085 [-0.018, +0.191]
Sports 6h+24h (0.5, 0.7] 137 0.588 0.591 +0.003 [-0.115, +0.117]
Sports 6h+24h (0.7, 0.85] 56 0.772 0.714 -0.058 [-0.229, +0.097]
