{
 "spec": "strict two-sided books only",
 "rows (market x horizon) fetched": 3701,
 "markets fetched": 1212,
 "duplicate (ticker, horizon)": 0,
 "no quote at all (bid and ask missing)": 0,
 "one-sided or empty book (bid 0 or ask 1)": 1570,
 "crossed or locked book (ask <= bid)": 0,
 "stale quote (no candle in the 24 h before the horizon)": 16,
 "spread > 0.30 (mid uninformative)": 76,
 "rows kept": 2039,
 "markets kept": 749,
 "events kept": 562,
 "split (train closes before, 2-day embargo; test closes on or after)": "2026-02-01",
 "train rows / markets": [
  1181,
  429
 ],
 "test rows / markets": [
  858,
  320
 ]
}
flb                    all                +0.0002 [-0.0049, +0.0049]  brier +0.00022 [-0.00157, +0.00197]  n=858
flb                    hg=24h             -0.0010 [-0.0073, +0.0051]  brier -0.00006 [-0.00217, +0.00208]  n=200
flb                    hg=6h              +0.0005 [-0.0047, +0.0052]  brier +0.00014 [-0.00194, +0.00198]  n=238
flb                    hg=72h             -0.0013 [-0.0080, +0.0052]  brier -0.00004 [-0.00218, +0.00224]  n=167
flb                    hg=le1h            +0.0019 [-0.0028, +0.0064]  brier +0.00070 [-0.00097, +0.00229]  n=253
flb                    category=Commodities -0.0098 [-0.0396, +0.0181]  brier -0.00206 [-0.01079, +0.00700]  n=33
flb                    category=Crypto    +0.0059 [-0.0066, +0.0169]  brier +0.00207 [-0.00242, +0.00625]  n=33
flb                    category=Economics -0.0087 [-0.0211, +0.0032]  brier -0.00326 [-0.00678, +0.00056]  n=188
flb                    category=Entertainment +0.0023 [-0.0044, +0.0078]  brier +0.00052 [-0.00085, +0.00181]  n=77
flb                    category=Financials +0.0036 [-0.0010, +0.0080]  brier +0.00120 [-0.00075, +0.00303]  n=50
flb                    category=Mentions  -0.0007 [-0.0066, +0.0097]  brier -0.00069 [-0.00342, +0.00391]  n=13
flb                    category=Sports    +0.0035 [-0.0028, +0.0094]  brier +0.00154 [-0.00107, +0.00407]  n=464
flb_h                  all                -0.0001 [-0.0054, +0.0047]  brier +0.00022 [-0.00153, +0.00196]  n=858
flb_h                  hg=24h             -0.0001 [-0.0030, +0.0027]  brier +0.00008 [-0.00093, +0.00112]  n=200
flb_h                  hg=6h              +0.0004 [-0.0032, +0.0036]  brier +0.00010 [-0.00131, +0.00133]  n=238
flb_h                  hg=72h             -0.0045 [-0.0185, +0.0090]  brier -0.00057 [-0.00448, +0.00348]  n=167
flb_h                  hg=le1h            +0.0022 [-0.0032, +0.0075]  brier +0.00096 [-0.00102, +0.00292]  n=253
flb_h                  category=Commodities -0.0110 [-0.0411, +0.0165]  brier -0.00312 [-0.01233, +0.00615]  n=33
flb_h                  category=Crypto    +0.0072 [-0.0071, +0.0206]  brier +0.00285 [-0.00276, +0.00842]  n=33
flb_h                  category=Economics -0.0106 [-0.0235, +0.0020]  brier -0.00368 [-0.00725, +0.00015]  n=188
flb_h                  category=Entertainment +0.0000 [-0.0149, +0.0110]  brier +0.00051 [-0.00181, +0.00272]  n=77
flb_h                  category=Financials +0.0036 [-0.0010, +0.0075]  brier +0.00115 [-0.00093, +0.00298]  n=50
flb_h                  category=Mentions  +0.0014 [-0.0063, +0.0142]  brier -0.00028 [-0.00391, +0.00496]  n=13
flb_h                  category=Sports    +0.0039 [-0.0021, +0.0097]  brier +0.00172 [-0.00075, +0.00411]  n=464
flb_cat                all                -0.0146 [-0.0365, +0.0070]  brier -0.00272 [-0.00794, +0.00245]  n=858
flb_cat                hg=24h             -0.0202 [-0.0712, +0.0143]  brier -0.00394 [-0.01132, +0.00328]  n=200
flb_cat                hg=6h              -0.0004 [-0.0152, +0.0158]  brier -0.00050 [-0.00576, +0.00516]  n=238
flb_cat                hg=72h             -0.0374 [-0.0967, +0.0144]  brier -0.00404 [-0.01359, +0.00539]  n=167
flb_cat                hg=le1h            -0.0083 [-0.0248, +0.0076]  brier -0.00297 [-0.00878, +0.00239]  n=253
flb_cat                category=Commodities -0.1807 [-0.4661, +0.0459]  brier -0.03087 [-0.06957, +0.00627]  n=33
flb_cat                category=Crypto    -0.0097 [-0.0322, +0.0092]  brier -0.00558 [-0.01512, +0.00316]  n=33
flb_cat                category=Economics -0.0211 [-0.0519, +0.0065]  brier -0.00551 [-0.01143, +0.00039]  n=188
flb_cat                category=Entertainment +0.0297 [-0.0234, +0.0734]  brier +0.00625 [-0.00394, +0.01572]  n=77
flb_cat                category=Financials +0.0051 [+0.0009, +0.0093]  brier +0.00164 [-0.00036, +0.00356]  n=50
flb_cat                category=Mentions  -0.1811 [-1.0011, +0.2024]  brier -0.01015 [-0.13225, +0.05166]  n=13
flb_cat                category=Sports    -0.0052 [-0.0259, +0.0182]  brier -0.00113 [-0.00881, +0.00706]  n=464
book                   all                +0.0021 [-0.0035, +0.0073]  brier +0.00124 [-0.00056, +0.00306]  n=858
book                   hg=24h             -0.0055 [-0.0203, +0.0070]  brier +0.00001 [-0.00357, +0.00356]  n=200
book                   hg=6h              +0.0055 [-0.0001, +0.0113]  brier +0.00179 [-0.00039, +0.00397]  n=238
book                   hg=72h             +0.0034 [-0.0055, +0.0119]  brier +0.00195 [-0.00103, +0.00504]  n=167
book                   hg=le1h            +0.0039 [-0.0033, +0.0115]  brier +0.00123 [-0.00113, +0.00366]  n=253
book                   category=Commodities -0.0213 [-0.0399, +0.0003]  brier -0.00735 [-0.01438, -0.00004]  n=33
book                   category=Crypto    -0.0008 [-0.0173, +0.0196]  brier +0.00121 [-0.00459, +0.00775]  n=33
book                   category=Economics +0.0048 [-0.0062, +0.0162]  brier +0.00142 [-0.00218, +0.00497]  n=188
book                   category=Entertainment +0.0033 [-0.0048, +0.0123]  brier +0.00048 [-0.00211, +0.00284]  n=77
book                   category=Financials -0.0115 [-0.0408, +0.0138]  brier +0.00049 [-0.00398, +0.00446]  n=50
book                   category=Mentions  -0.0188 [-0.0337, -0.0055]  brier -0.00477 [-0.01056, +0.00031]  n=13
book                   category=Sports    +0.0047 [-0.0029, +0.0125]  brier +0.00216 [-0.00077, +0.00525]  n=464
drift                  all                -0.0015 [-0.0071, +0.0040]  brier -0.00029 [-0.00238, +0.00172]  n=858
drift                  hg=24h             -0.0021 [-0.0111, +0.0062]  brier -0.00028 [-0.00302, +0.00254]  n=200
drift                  hg=6h              +0.0003 [-0.0075, +0.0075]  brier +0.00024 [-0.00274, +0.00301]  n=238
drift                  hg=72h             -0.0070 [-0.0219, +0.0065]  brier -0.00197 [-0.00637, +0.00249]  n=167
drift                  hg=le1h            +0.0010 [-0.0058, +0.0075]  brier +0.00031 [-0.00243, +0.00292]  n=253
drift                  category=Commodities -0.0266 [-0.0745, +0.0185]  brier -0.00536 [-0.01942, +0.01000]  n=33
drift                  category=Crypto    -0.0177 [-0.0421, +0.0032]  brier -0.00843 [-0.02040, +0.00135]  n=33
drift                  category=Economics -0.0104 [-0.0264, +0.0055]  brier -0.00379 [-0.00892, +0.00154]  n=188
drift                  category=Entertainment +0.0029 [-0.0125, +0.0163]  brier +0.00085 [-0.00465, +0.00549]  n=77
drift                  category=Financials -0.0007 [-0.0237, +0.0185]  brier +0.00051 [-0.00695, +0.00803]  n=50
drift                  category=Mentions  -0.0048 [-0.0223, +0.0052]  brier -0.00329 [-0.01115, +0.00092]  n=13
drift                  category=Sports    +0.0044 [-0.0018, +0.0101]  brier +0.00188 [-0.00079, +0.00438]  n=464
book-minus-flb_h       all                +0.0022 [-0.0057, +0.0104]  brier   n=858
drift-minus-flb_h      all                -0.0013 [-0.0044, +0.0020]  brier   n=858
flb_cat-minus-flb_h    all                -0.0144 [-0.0360, +0.0071]  brier   n=858
flb_h-minus-flb        all                -0.0004 [-0.0015, +0.0005]  brier   n=858
flb {'intercept': 0.081, 'lm': 1.044}
flb_h {'intercept': 0.074, 'lm': 1.028, 'h_6h': -0.056, 'lm_h_6h': 0.005, 'h_24h': -0.069, 'lm_h_24h': -0.012, 'h_72h': 0.028, 'lm_h_72h': 0.089}
flb_cat {'intercept': 0.02, 'lm': 1.089, 'h_6h': -0.058, 'lm_h_6h': -0.035, 'h_24h': -0.07, 'lm_h_24h': -0.023, 'h_72h': -0.012, 'lm_h_72h': 0.037, 'c_Commodities': 0.591, 'lm_c_Commodities': 0.727, 'c_Crypto': 0.0, 'lm_c_Crypto': 0.0, 'c_Economics': 0.281, 'lm_c_Economics': 0.105, 'c_Entertainment': 0.177, 'lm_c_Entertainment': 1.213, 'c_Financials': 0.295, 'lm_c_Financials': -0.026, 'c_Mentions': -5.155, 'lm_c_Mentions': -0.655, 'c_Sports': 0.254, 'lm_c_Sports': -0.432}
book {'intercept': 0.106, 'lm': 0.996, 'h_6h': -0.084, 'lm_h_6h': 0.009, 'h_24h': -0.174, 'lm_h_24h': -0.059, 'h_72h': -0.139, 'lm_h_72h': 0.005, 'spread': -1.663, 'lm_spread': 2.922, 'lvol24': -0.041, 'lm_lvol24': -0.013, 'lstale': 0.017, 'lm_lstale': 0.028, 'lage': 0.049, 'lm_lage': 0.052}
drift {'intercept': 0.057, 'lm': 1.0, 'h_6h': -0.009, 'lm_h_6h': 0.013, 'h_24h': 0.002, 'lm_h_24h': 0.026, 'h_72h': 0.254, 'lm_h_72h': 0.114, 'drift': 0.064, 'has_drift': 0.224, 'lastdev': -3.079}
 24h (-0.001, 0.05] 48 0.03 0.0 -0.030 [-0.033, -0.028]
 24h (0.05, 0.15] 54 0.093 0.148 +0.055 [-0.033, +0.151]
 24h (0.15, 0.3] 82 0.233 0.22 -0.014 [-0.097, +0.070]
 24h (0.3, 0.5] 89 0.404 0.472 +0.068 [-0.039, +0.171]
 24h (0.5, 0.7] 77 0.589 0.61 +0.022 [-0.081, +0.124]
 24h (0.7, 0.85] 53 0.778 0.66 -0.118 [-0.247, -0.001]
 24h (0.85, 0.95] 41 0.899 0.951 +0.052 [-0.024, +0.106]
 24h (0.95, 1.0] 29 0.97 0.966 -0.004 [-0.078, +0.033]
 6h (-0.001, 0.05] 70 0.031 0.014 -0.017 [-0.033, +0.012]
 6h (0.05, 0.15] 75 0.094 0.12 +0.026 [-0.049, +0.110]
 6h (0.15, 0.3] 116 0.226 0.224 -0.002 [-0.076, +0.079]
 6h (0.3, 0.5] 104 0.399 0.481 +0.082 [-0.015, +0.171]
 6h (0.5, 0.7] 99 0.588 0.556 -0.033 [-0.133, +0.062]
 6h (0.7, 0.85] 51 0.778 0.765 -0.014 [-0.134, +0.099]
 6h (0.85, 0.95] 42 0.901 0.929 +0.027 [-0.059, +0.095]
 6h (0.95, 1.0] 34 0.971 1.0 +0.029 [+0.025, +0.033]
 72h (-0.001, 0.05] 41 0.033 0.024 -0.008 [-0.036, +0.044]
 72h (0.05, 0.15] 58 0.09 0.103 +0.014 [-0.057, +0.097]
 72h (0.15, 0.3] 73 0.238 0.192 -0.046 [-0.123, +0.041]
 72h (0.3, 0.5] 63 0.409 0.508 +0.099 [-0.016, +0.230]
 72h (0.5, 0.7] 50 0.605 0.56 -0.045 [-0.198, +0.098]
 72h (0.7, 0.85] 43 0.789 0.791 +0.001 [-0.122, +0.112]
 72h (0.85, 0.95] 33 0.908 0.97 +0.062 [-0.006, +0.100]
 72h (0.95, 1.0] 32 0.97 0.969 -0.002 [-0.070, +0.033]
 le1h (-0.001, 0.05] 72 0.029 0.014 -0.015 [-0.030, +0.013]
 le1h (0.05, 0.15] 82 0.09 0.11 +0.020 [-0.043, +0.089]
 le1h (0.15, 0.3] 94 0.223 0.234 +0.011 [-0.066, +0.094]
 le1h (0.3, 0.5] 79 0.4 0.468 +0.068 [-0.032, +0.170]
 le1h (0.5, 0.7] 76 0.597 0.618 +0.022 [-0.091, +0.126]
 le1h (0.7, 0.85] 79 0.776 0.797 +0.021 [-0.074, +0.101]
 le1h (0.85, 0.95] 60 0.906 0.9 -0.006 [-0.091, +0.061]
 le1h (0.95, 1.0] 40 0.972 1.0 +0.028 [+0.025, +0.032]
Economics 6h+24h (-0.001, 0.05] 51 0.03 0.0 -0.030 [-0.034, -0.027]
Economics 6h+24h (0.05, 0.15] 46 0.085 0.13 +0.046 [-0.084, +0.181]
Economics 6h+24h (0.15, 0.3] 39 0.226 0.128 -0.098 [-0.211, +0.052]
Economics 6h+24h (0.3, 0.5] 25 0.396 0.44 +0.044 [-0.193, +0.291]
Economics 6h+24h (0.5, 0.7] 30 0.603 0.533 -0.070 [-0.278, +0.139]
Economics 6h+24h (0.7, 0.85] 37 0.788 0.703 -0.085 [-0.245, +0.082]
Economics 6h+24h (0.85, 0.95] 60 0.905 0.933 +0.029 [-0.060, +0.094]
Economics 6h+24h (0.95, 1.0] 44 0.97 0.977 +0.007 [-0.043, +0.032]
Entertainment 6h+24h (-0.001, 0.05] 22 0.026 0.0 -0.026 [-0.030, -0.022]
Financials 6h+24h (-0.001, 0.05] 30 0.034 0.033 -0.001 [-0.037, +0.078]
Financials 6h+24h (0.05, 0.15] 44 0.095 0.114 +0.019 [-0.070, +0.127]
Financials 6h+24h (0.15, 0.3] 41 0.211 0.195 -0.016 [-0.139, +0.126]
Sports 6h+24h (0.15, 0.3] 108 0.239 0.278 +0.039 [-0.081, +0.163]
Sports 6h+24h (0.3, 0.5] 143 0.404 0.49 +0.085 [-0.018, +0.191]
Sports 6h+24h (0.5, 0.7] 137 0.588 0.591 +0.003 [-0.115, +0.117]
Sports 6h+24h (0.7, 0.85] 56 0.772 0.714 -0.058 [-0.229, +0.097]
