== results lead 1h  pooled a = 1.580
KXEURUSD       99/ 100 a=2.856 own +0.0735 [-0.1170, +0.2448] w1.18 +0.0634 [+0.0457, +0.0797] pool +0.1354 [+0.0782, +0.1887] (a full 2.07, test 1.90)
KXINX         135/ 135 a=1.518 own +0.1469 [+0.0879, +0.1976] w1.18 +0.0940 [+0.0735, +0.1115] pool +0.1462 [+0.0804, +0.2033] (a full 1.52, test 1.53)
KXNASDAQ100   135/ 135 a=1.498 own +0.1242 [+0.0615, +0.1835] w1.18 +0.0832 [+0.0605, +0.1045] pool +0.1207 [+0.0476, +0.1892] (a full 1.49, test 1.48)
KXUSDJPY      101/ 101 a=3.507 own +0.2023 [-0.1308, +0.4550] w1.18 +0.0793 [+0.0551, +0.0980] pool +0.1918 [+0.1142, +0.2514] (a full 2.64, test 2.44)
pooled        470/ 471 a=  -   own +0.1367 [+0.0404, +0.2150] w1.18 +0.0813 [+0.0686, +0.0929] pool +0.1464 [+0.1064, +0.1837] (a full 1.62, test 1.66)
== results lead 6h  pooled a = 1.767
KXEURUSD       93/  94 a=1.501 own +0.0712 [+0.0125, +0.1226] w1.18 +0.0391 [+0.0183, +0.0575] pool +0.0713 [-0.0189, +0.1489] (a full 1.58, test 1.63)
KXINX         127/ 128 a=1.825 own +0.1099 [+0.0244, +0.1924] w1.18 +0.0693 [+0.0506, +0.0875] pool +0.1149 [+0.0358, +0.1919] (a full 1.71, test 1.59)
KXNASDAQ100   130/ 130 a=1.853 own +0.0833 [-0.0102, +0.1616] w1.18 +0.0556 [+0.0360, +0.0722] pool +0.0905 [+0.0067, +0.1607] (a full 1.72, test 1.58)
KXUSDJPY       98/  99 a=1.631 own +0.0476 [-0.0445, +0.1280] w1.18 +0.0304 [+0.0045, +0.0534] pool +0.0403 [-0.0713, +0.1383] (a full 1.56, test 1.51)
pooled        448/ 451 a=  -   own +0.0805 [+0.0314, +0.1247] w1.18 +0.0505 [+0.0390, +0.0616] pool +0.0824 [+0.0338, +0.1291] (a full 1.67, test 1.58)
== results_dedust lead 1h  pooled a = 1.573
KXEURUSD       99/ 100 a=2.855 own +0.0622 [-0.1270, +0.2338] w1.18 +0.0579 [+0.0398, +0.0748] pool +0.1246 [+0.0680, +0.1780] (a full 2.06, test 1.90)
KXINX         135/ 135 a=1.509 own +0.1053 [+0.0461, +0.1558] w1.18 +0.0708 [+0.0492, +0.0889] pool +0.1033 [+0.0370, +0.1601] (a full 1.50, test 1.48)
KXNASDAQ100   135/ 135 a=1.491 own +0.0995 [+0.0389, +0.1572] w1.18 +0.0695 [+0.0472, +0.0908] pool +0.0950 [+0.0236, +0.1624] (a full 1.47, test 1.45)
KXUSDJPY      101/ 101 a=3.507 own +0.1945 [-0.1370, +0.4469] w1.18 +0.0756 [+0.0518, +0.0943] pool +0.1834 [+0.1067, +0.2424] (a full 2.64, test 2.44)
pooled        470/ 471 a=  -   own +0.1136 [+0.0171, +0.1924] w1.18 +0.0687 [+0.0560, +0.0807] pool +0.1226 [+0.0829, +0.1595] (a full 1.60, test 1.63)
== results_dedust lead 6h  pooled a = 1.764
KXEURUSD       93/  94 a=1.499 own +0.0676 [+0.0093, +0.1187] w1.18 +0.0372 [+0.0166, +0.0559] pool +0.0674 [-0.0220, +0.1442] (a full 1.57, test 1.63)
KXINX         127/ 128 a=1.822 own +0.0804 [-0.0209, +0.1729] w1.18 +0.0585 [+0.0358, +0.0792] pool +0.0863 [-0.0083, +0.1724] (a full 1.68, test 1.54)
KXNASDAQ100   130/ 130 a=1.850 own +0.0702 [-0.0242, +0.1482] w1.18 +0.0501 [+0.0302, +0.0664] pool +0.0778 [-0.0069, +0.1484] (a full 1.71, test 1.56)
KXUSDJPY       98/  99 a=1.629 own +0.0462 [-0.0454, +0.1271] w1.18 +0.0296 [+0.0036, +0.0525] pool +0.0389 [-0.0729, +0.1373] (a full 1.55, test 1.51)
pooled        448/ 451 a=  -   own +0.0673 [+0.0163, +0.1136] w1.18 +0.0453 [+0.0332, +0.0569] pool +0.0695 [+0.0182, +0.1179] (a full 1.65, test 1.55)
== results_sum_ok_only lead 1h  pooled a = 1.506
KXEURUSD       33/  33 a=1.570 own +0.0911 [-0.0270, +0.1926] w1.18 +0.0568 [+0.0201, +0.0886] pool +0.0911 [-0.0135, +0.1812] (a full 1.55, test 1.53)
KXINX         121/ 122 a=1.446 own +0.1370 [+0.0841, +0.1878] w1.18 +0.0912 [+0.0698, +0.1116] pool +0.1380 [+0.0784, +0.1957] (a full 1.47, test 1.50)
KXNASDAQ100   117/ 118 a=1.476 own +0.1153 [+0.0503, +0.1721] w1.18 +0.0821 [+0.0581, +0.1037] pool +0.1139 [+0.0448, +0.1742] (a full 1.46, test 1.43)
KXUSDJPY       31/  31 a=2.545 own +0.0897 [-0.3632, +0.3855] w1.18 +0.0700 [+0.0194, +0.1040] pool +0.1330 [-0.0109, +0.2285] (a full 2.12, test 1.79)
pooled        302/ 304 a=  -   own +0.1188 [+0.0543, +0.1730] w1.18 +0.0818 [+0.0631, +0.0976] pool +0.1231 [+0.0705, +0.1677] (a full 1.50, test 1.49)
== results_sum_ok_only lead 6h  pooled a = 1.629
KXEURUSD       50/  50 a=1.749 own +0.0468 [-0.0993, +0.1827] w1.18 +0.0431 [+0.0080, +0.0755] pool +0.0585 [-0.0643, +0.1728] (a full 1.59, test 1.46)
KXINX          97/  98 a=1.543 own +0.1041 [+0.0349, +0.1688] w1.18 +0.0656 [+0.0427, +0.0867] pool +0.1005 [+0.0201, +0.1754] (a full 1.53, test 1.51)
KXNASDAQ100    97/  98 a=1.613 own +0.0798 [+0.0024, +0.1500] w1.18 +0.0535 [+0.0309, +0.0744] pool +0.0788 [-0.0007, +0.1508] (a full 1.55, test 1.49)
KXUSDJPY       50/  50 a=1.895 own +0.0168 [-0.1602, +0.1731] w1.18 +0.0373 [+0.0024, +0.0688] pool +0.0487 [-0.0739, +0.1583] (a full 1.63, test 1.45)
pooled        294/ 296 a=  -   own +0.0716 [+0.0091, +0.1280] w1.18 +0.0530 [+0.0367, +0.0678] pool +0.0775 [+0.0197, +0.1294] (a full 1.56, test 1.49)
== results_bid lead 1h  pooled a = 0.780
KXEURUSD       99/ 100 a=0.561 own -0.1168 [-0.1999, -0.0195] w1.18 -0.0189 [-0.0595, +0.0152] pool -0.0155 [-0.0572, +0.0337] (a full 0.70, test 0.95)
KXINX         135/ 135 a=0.911 own -0.0212 [-0.0318, -0.0081] w1.18 +0.0106 [-0.0156, +0.0321] pool -0.0847 [-0.1109, -0.0526] (a full 1.01, test 1.15)
KXNASDAQ100   135/ 135 a=0.946 own -0.0057 [-0.0146, +0.0042] w1.18 -0.0086 [-0.0419, +0.0212] pool -0.0614 [-0.0978, -0.0205] (a full 0.99, test 1.05)
KXUSDJPY      101/ 101 a=0.549 own -0.1921 [-0.2810, -0.0849] w1.18 +0.0064 [-0.0371, +0.0419] pool -0.0465 [-0.0903, +0.0058] (a full 0.74, test 1.15)
pooled        470/ 471 a=  -   own -0.0737 [-0.1049, -0.0399] w1.18 -0.0020 [-0.0206, +0.0160] pool -0.0551 [-0.0775, -0.0319] (a full 0.89, test 1.07)
== results_bid lead 6h  pooled a = 0.606
KXEURUSD       93/  94 a=0.449 own -0.1707 [-0.2661, -0.0625] w1.18 -0.0111 [-0.0458, +0.0198] pool -0.0747 [-0.1431, +0.0023] (a full 0.60, test 1.00)
KXINX         127/ 128 a=0.709 own -0.0470 [-0.0981, +0.0090] w1.18 -0.0209 [-0.0555, +0.0110] pool -0.1076 [-0.1771, -0.0324] (a full 0.80, test 0.96)
KXNASDAQ100   130/ 130 a=0.727 own +0.0140 [-0.0435, +0.0857] w1.18 -0.0502 [-0.0974, -0.0128] pool -0.0217 [-0.1041, +0.0816] (a full 0.76, test 0.82)
KXUSDJPY       98/  99 a=0.419 own -0.1496 [-0.2803, -0.0017] w1.18 -0.0314 [-0.0771, +0.0097] pool -0.0348 [-0.1232, +0.0664] (a full 0.56, test 0.86)
pooled        448/ 451 a=  -   own -0.0777 [-0.1263, -0.0238] w1.18 -0.0296 [-0.0540, -0.0075] pool -0.0600 [-0.1075, -0.0072] (a full 0.71, test 0.90)
reliability KXEURUSD 1h [('0.00-0.02', 886, 0.0), ('0.02-0.05', 422, 0.14), ('0.05-0.10', 1201, 0.76), ('0.10-0.20', 354, 1.56), ('0.20-0.35', 73, 1.64), ('0.35-0.50', 37, 1.07), ('0.50-0.65', 9, 1.19), ('0.65-0.80', 3, 0.48)]
reliability KXINX 1h [('0.00-0.02', 6786, 0.06), ('0.02-0.05', 527, 0.64), ('0.05-0.10', 183, 1.08), ('0.10-0.20', 194, 1.22), ('0.20-0.35', 193, 1.43), ('0.35-0.50', 123, 1.2), ('0.50-0.65', 79, 1.3), ('0.65-0.80', 15, 1.24)]
reliability KXNASDAQ100 1h [('0.00-0.02', 6653, 0.07), ('0.02-0.05', 528, 0.55), ('0.05-0.10', 266, 1.11), ('0.10-0.20', 262, 1.58), ('0.20-0.35', 209, 1.31), ('0.35-0.50', 123, 1.27), ('0.50-0.65', 49, 1.11), ('0.65-0.80', 8, 1.27), ('0.80-0.90', 2, 1.19)]
reliability KXUSDJPY 1h [('0.00-0.02', 841, 0.33), ('0.02-0.05', 430, 0.14), ('0.05-0.10', 1295, 0.71), ('0.10-0.20', 349, 1.5), ('0.20-0.35', 81, 1.54), ('0.35-0.50', 27, 1.69), ('0.50-0.65', 2, 1.7), ('0.65-0.80', 2, 1.28), ('0.80-0.90', 2, 1.17), ('0.90-1.00', 1, 1.08)]
reliability KXEURUSD 6h [('0.00-0.02', 623, 0.32), ('0.02-0.05', 664, 0.18), ('0.05-0.10', 1038, 0.97), ('0.10-0.20', 340, 1.34), ('0.20-0.35', 127, 1.25), ('0.35-0.50', 13, 1.16)]
reliability KXINX 6h [('0.00-0.02', 4895, 0.07), ('0.02-0.05', 1411, 0.51), ('0.05-0.10', 606, 1.43), ('0.10-0.20', 550, 1.37), ('0.20-0.35', 181, 1.32), ('0.35-0.50', 7, 1.49)]
reliability KXNASDAQ100 6h [('0.00-0.02', 4483, 0.17), ('0.02-0.05', 1861, 0.46), ('0.05-0.10', 762, 1.65), ('0.10-0.20', 603, 1.34), ('0.20-0.35', 86, 1.12), ('0.35-0.50', 3, 0.87), ('0.50-0.65', 1, 1.55), ('0.65-0.80', 1, 1.43)]
reliability KXUSDJPY 6h [('0.00-0.02', 491, 0.89), ('0.02-0.05', 758, 0.41), ('0.05-0.10', 1210, 0.89), ('0.10-0.20', 397, 1.29), ('0.20-0.35', 92, 1.31), ('0.35-0.50', 5, 1.53), ('0.65-0.80', 1, 1.49), ('0.80-0.90', 1, 1.23)]
reliability_dedust KXEURUSD 1h [('0.00-0.02', 886, 0.0), ('0.02-0.05', 422, 0.14), ('0.05-0.10', 1201, 0.76), ('0.10-0.20', 351, 1.55), ('0.20-0.35', 72, 1.58), ('0.35-0.50', 38, 1.18), ('0.50-0.65', 12, 1.04), ('0.65-0.80', 3, 0.46)]
reliability_dedust KXINX 1h [('0.00-0.02', 6760, 0.06), ('0.02-0.05', 543, 0.62), ('0.05-0.10', 187, 1.06), ('0.10-0.20', 187, 1.23), ('0.20-0.35', 194, 1.34), ('0.35-0.50', 125, 1.15), ('0.50-0.65', 83, 1.33), ('0.65-0.80', 19, 1.04), ('0.80-0.90', 2, 1.22)]
reliability_dedust KXNASDAQ100 1h [('0.00-0.02', 6627, 0.08), ('0.02-0.05', 546, 0.36), ('0.05-0.10', 269, 1.2), ('0.10-0.20', 261, 1.5), ('0.20-0.35', 206, 1.33), ('0.35-0.50', 125, 1.24), ('0.50-0.65', 55, 1.11), ('0.65-0.80', 8, 1.27), ('0.80-0.90', 1, 1.2), ('0.90-1.00', 2, 1.09)]
reliability_dedust KXUSDJPY 1h [('0.00-0.02', 838, 0.4), ('0.02-0.05', 431, 0.14), ('0.05-0.10', 1293, 0.71), ('0.10-0.20', 352, 1.47), ('0.20-0.35', 80, 1.56), ('0.35-0.50', 28, 1.62), ('0.50-0.65', 3, 1.74), ('0.65-0.80', 1, 1.28), ('0.80-0.90', 2, 1.21), ('0.90-1.00', 2, 1.06)]
reliability_dedust KXEURUSD 6h [('0.00-0.02', 623, 0.34), ('0.02-0.05', 663, 0.18), ('0.05-0.10', 1038, 0.97), ('0.10-0.20', 339, 1.34), ('0.20-0.35', 129, 1.23), ('0.35-0.50', 13, 1.15)]
reliability_dedust KXINX 6h [('0.00-0.02', 4875, 0.07), ('0.02-0.05', 1421, 0.48), ('0.05-0.10', 607, 1.42), ('0.10-0.20', 548, 1.35), ('0.20-0.35', 191, 1.26), ('0.35-0.50', 8, 1.63)]
reliability_dedust KXNASDAQ100 6h [('0.00-0.02', 4469, 0.15), ('0.02-0.05', 1856, 0.48), ('0.05-0.10', 770, 1.6), ('0.10-0.20', 608, 1.35), ('0.20-0.35', 92, 1.05), ('0.35-0.50', 3, 0.87), ('0.65-0.80', 2, 1.4)]
reliability_dedust KXUSDJPY 6h [('0.00-0.02', 491, 0.93), ('0.02-0.05', 757, 0.41), ('0.05-0.10', 1211, 0.89), ('0.10-0.20', 397, 1.29), ('0.20-0.35', 92, 1.31), ('0.35-0.50', 5, 1.52), ('0.65-0.80', 1, 1.48), ('0.80-0.90', 1, 1.18)]
KXEURUSD 1h {'ladders': 199, 'buckets_median': 15.0, 'share_buckets_bid_zero': 0.7128978224455611, 'share_buckets_dust': 0.1507537688442211, 'dust_mass_median': 0.0014124293785310734, 'winner_was_dust': 0, 'median_spread_where_bid_positive': 0.26, 'sum_mids_median': 2.6250000000000004, 'bad_sum_ladders': 133, 'dedust_minus_mid_logscore': {'mean': 0.006180701609263527, 'lo': 0.004596863862478796, 'hi': 0.007845854894446311, 'n': 199, 'n_dates': 199}, 'bid_minus_mid_logscore': {'mean': 0.27571476485273444, 'lo': 0.08501623592540324, 'hi': 0.468424905024685, 'n': 199, 'n_dates': 199}}
KXINX 1h {'ladders': 270, 'buckets_median': 30.0, 'share_buckets_bid_zero': 0.8592592592592593, 'share_buckets_dust': 0.30925925925925923, 'dust_mass_median': 0.02878469550807836, 'winner_was_dust': 0, 'median_spread_where_bid_positive': 0.039999999999999994, 'sum_mids_median': 1.2899999999999998, 'bad_sum_ladders': 27, 'dedust_minus_mid_logscore': {'mean': 0.02963966062093882, 'lo': 0.026105822715685532, 'hi': 0.0332921413110431, 'n': 270, 'n_dates': 270}, 'bid_minus_mid_logscore': {'mean': 0.1628130265532349, 'lo': 0.08710801662191028, 'hi': 0.2339493481252885, 'n': 270, 'n_dates': 270}}
KXNASDAQ100 1h {'ladders': 270, 'buckets_median': 30.0, 'share_buckets_bid_zero': 0.8102469135802469, 'share_buckets_dust': 0.2271604938271605, 'dust_mass_median': 0.017738185017596785, 'winner_was_dust': 0, 'median_spread_where_bid_positive': 0.04000000000000001, 'sum_mids_median': 1.3199999999999998, 'bad_sum_ladders': 35, 'dedust_minus_mid_logscore': {'mean': 0.01947202425628941, 'lo': 0.016904905818708755, 'hi': 0.022113068424257677, 'n': 270, 'n_dates': 270}, 'bid_minus_mid_logscore': {'mean': 0.15347999390045405, 'lo': 0.08017031337458592, 'hi': 0.21609363999406406, 'n': 270, 'n_dates': 270}}
KXUSDJPY 1h {'ladders': 202, 'buckets_median': 15.0, 'share_buckets_bid_zero': 0.7059405940594059, 'share_buckets_dust': 0.1250825082508251, 'dust_mass_median': 0.000999841015801704, 'winner_was_dust': 0, 'median_spread_where_bid_positive': 0.26, 'sum_mids_median': 2.67, 'bad_sum_ladders': 140, 'dedust_minus_mid_logscore': {'mean': 0.004911472125530355, 'lo': 0.003580934359511612, 'hi': 0.006423810443654133, 'n': 202, 'n_dates': 202}, 'bid_minus_mid_logscore': {'mean': 0.30765378914131475, 'lo': 0.10768743653975858, 'hi': 0.4873789296643938, 'n': 202, 'n_dates': 202}}
KXEURUSD 6h {'ladders': 187, 'buckets_median': 15.0, 'share_buckets_bid_zero': 0.5372549019607843, 'share_buckets_dust': 0.051336898395721926, 'dust_mass_median': 0.0, 'winner_was_dust': 0, 'median_spread_where_bid_positive': 0.07, 'sum_mids_median': 1.3399999999999999, 'bad_sum_ladders': 87, 'dedust_minus_mid_logscore': {'mean': 0.0024788966180284647, 'lo': 0.0016699049664860627, 'hi': 0.003297179003499151, 'n': 187, 'n_dates': 187}, 'bid_minus_mid_logscore': {'mean': -0.06205472511968669, 'lo': -0.24189862280167815, 'hi': 0.10495756569909556, 'n': 187, 'n_dates': 187}}
KXINX 6h {'ladders': 255, 'buckets_median': 30.0, 'share_buckets_bid_zero': 0.7596078431372549, 'share_buckets_dust': 0.15333333333333332, 'dust_mass_median': 0.00790513833992095, 'winner_was_dust': 1, 'median_spread_where_bid_positive': 0.04000000000000001, 'sum_mids_median': 1.3549999999999995, 'bad_sum_ladders': 60, 'dedust_minus_mid_logscore': {'mean': 0.007837713770884434, 'lo': -0.004897098152678415, 'hi': 0.015498154689810171, 'n': 255, 'n_dates': 255}, 'bid_minus_mid_logscore': {'mean': 0.04026133559005264, 'lo': -0.10332042718935, 'hi': 0.16853911964083013, 'n': 255, 'n_dates': 255}}
KXNASDAQ100 6h {'ladders': 260, 'buckets_median': 30.0, 'share_buckets_bid_zero': 0.7023076923076923, 'share_buckets_dust': 0.1135897435897436, 'dust_mass_median': 0.004232586441405971, 'winner_was_dust': 0, 'median_spread_where_bid_positive': 0.04999999999999999, 'sum_mids_median': 1.3499999999999996, 'bad_sum_ladders': 65, 'dedust_minus_mid_logscore': {'mean': 0.009184494559165035, 'lo': 0.007591633695403495, 'hi': 0.010763119570018145, 'n': 260, 'n_dates': 260}, 'bid_minus_mid_logscore': {'mean': 0.05563680406585732, 'lo': -0.08065387838720246, 'hi': 0.1869878058713899, 'n': 260, 'n_dates': 260}}
KXUSDJPY 6h {'ladders': 197, 'buckets_median': 15.0, 'share_buckets_bid_zero': 0.5079526226734349, 'share_buckets_dust': 0.024703891708967852, 'dust_mass_median': 0.0, 'winner_was_dust': 0, 'median_spread_where_bid_positive': 0.06, 'sum_mids_median': 1.45, 'bad_sum_ladders': 97, 'dedust_minus_mid_logscore': {'mean': 0.0012148980460216384, 'lo': 0.0007304515689213423, 'hi': 0.0018483185616145342, 'n': 197, 'n_dates': 197}, 'bid_minus_mid_logscore': {'mean': -0.03457719951979062, 'lo': -0.24194428970744397, 'hi': 0.15660929635401458, 'n': 197, 'n_dates': 197}}
KXEURUSD 24h {'ladders': 9, 'buckets_median': 15.0, 'share_buckets_bid_zero': 0.45185185185185184, 'share_buckets_dust': 0.0, 'dust_mass_median': 0.0, 'winner_was_dust': 0, 'median_spread_where_bid_positive': 0.11499999999999999, 'sum_mids_median': 2.025, 'bad_sum_ladders': 5, 'dedust_minus_mid_logscore': {'mean': 0.0, 'lo': 0.0, 'hi': 0.0, 'n': 9, 'n_dates': 9}, 'bid_minus_mid_logscore': {'mean': 0.5147260212706752, 'lo': 0.28726525472623043, 'hi': 0.7470852254483124, 'n': 9, 'n_dates': 9}}
KXINX 24h {'ladders': 36, 'buckets_median': 30.0, 'share_buckets_bid_zero': 0.6833333333333333, 'share_buckets_dust': 0.10092592592592593, 'dust_mass_median': 0.0, 'winner_was_dust': 0, 'median_spread_where_bid_positive': 0.04000000000000001, 'sum_mids_median': 1.3499999999999999, 'bad_sum_ladders': 6, 'dedust_minus_mid_logscore': {'mean': 0.009812891668428199, 'lo': 0.004246728072221442, 'hi': 0.016473943159565723, 'n': 36, 'n_dates': 36}, 'bid_minus_mid_logscore': {'mean': 0.1892064629141333, 'lo': -0.01829814021565419, 'hi': 0.36331977907565144, 'n': 36, 'n_dates': 36}}
KXNASDAQ100 24h {'ladders': 35, 'buckets_median': 30.0, 'share_buckets_bid_zero': 0.5904761904761905, 'share_buckets_dust': 0.017142857142857144, 'dust_mass_median': 0.0, 'winner_was_dust': 0, 'median_spread_where_bid_positive': 0.04, 'sum_mids_median': 1.33, 'bad_sum_ladders': 6, 'dedust_minus_mid_logscore': {'mean': 0.001339763940842596, 'lo': 0.0003092870468238346, 'hi': 0.0027423759718299577, 'n': 35, 'n_dates': 35}, 'bid_minus_mid_logscore': {'mean': -0.033713317894760585, 'lo': -0.3866680268431169, 'hi': 0.23074704238835508, 'n': 35, 'n_dates': 35}}
KXUSDJPY 24h {'ladders': 12, 'buckets_median': 15.0, 'share_buckets_bid_zero': 0.45, 'share_buckets_dust': 0.0, 'dust_mass_median': 0.0, 'winner_was_dust': 0, 'median_spread_where_bid_positive': 0.039999999999999994, 'sum_mids_median': 1.7874999999999999, 'bad_sum_ladders': 6, 'dedust_minus_mid_logscore': {'mean': 0.0, 'lo': 0.0, 'hi': 0.0, 'n': 12, 'n_dates': 12}, 'bid_minus_mid_logscore': {'mean': -1.047289339926669, 'lo': -2.239351224010119, 'hi': 0.024138153384665312, 'n': 12, 'n_dates': 12}}
